Looking in indexes: https://pypi.tuna.tsinghua.edu.cn/simple
Collecting torch
  Downloading https://pypi.tuna.tsinghua.edu.cn/packages/19/df/ebf2d5d82ee3d89c5e066239b097e779c42696f0609bfa8e30628c1ba53f/torch-2.14.0-cp310-cp310-win_amd64.whl (124.1 MB)
     ---------------------------------------- 124.1/124.1 MB 40.0 MB/s  0:00:03
Collecting torchvision
  Downloading https://pypi.tuna.tsinghua.edu.cn/packages/e1/ee/dc1b327b0e48075a355e86577f055f64d90dc07e8ae6029bafb9c47be18c/torchvision-0.29.0-cp310-cp310-win_amd64.whl (1.4 MB)
     ---------------------------------------- 1.4/1.4 MB 4.5 MB/s  0:00:00
Requirement already satisfied: filelock in c:\users\locker\appdata\local\programs\python\python310\lib\site-packages (from torch) (3.15.4)
Collecting typing-extensions>=4.10.0 (from torch)
  Downloading https://pypi.tuna.tsinghua.edu.cn/packages/49/d3/b8441a820a491ddfc024b0b0cf0393375b75ea13866d9c66727e54c2fc80/typing_extensions-4.16.0-py3-none-any.whl (45 kB)
Collecting setuptools>=77.0.3 (from torch)
  Downloading https://pypi.tuna.tsinghua.edu.cn/packages/95/9c/c510029fc6ef33a6275cd2c5d3cecd6613dfd6aa401d57c54f1c18852ccf/setuptools-84.0.0-py3-none-any.whl (818 kB)
     ---------------------------------------- 818.2/818.2 kB 11.8 MB/s  0:00:00
Collecting sympy>=1.13.3 (from torch)
  Downloading https://pypi.tuna.tsinghua.edu.cn/packages/a2/09/77d55d46fd61b4a135c444fc97158ef34a095e5681d0a6c10b75bf356191/sympy-1.14.0-py3-none-any.whl (6.3 MB)
     ---------------------------------------- 6.3/6.3 MB 12.5 MB/s  0:00:00
Collecting networkx>=2.5.1 (from torch)
  Downloading https://pypi.tuna.tsinghua.edu.cn/packages/b9/54/dd730b32ea14ea797530a4479b2ed46a6fb250f682a9cfb997e968bf0261/networkx-3.4.2-py3-none-any.whl (1.7 MB)
     ---------------------------------------- 1.7/1.7 MB 47.1 MB/s  0:00:00
Requirement already satisfied: jinja2 in c:\users\locker\appdata\local\programs\python\python310\lib\site-packages (from torch) (3.1.2)
Collecting fsspec>=0.8.5 (from torch)
  Downloading https://pypi.tuna.tsinghua.edu.cn/packages/fd/3c/6a2bf344106328fd04963664a60b9bb6496fc25df8e962fcdc1367285fb9/fsspec-2026.7.0-py3-none-any.whl (206 kB)
Requirement already satisfied: numpy in c:\users\locker\appdata\local\programs\python\python310\lib\site-packages (from torchvision) (2.2.6)
Requirement already satisfied: pillow!=8.3.*,>=5.3.0 in c:\users\locker\appdata\local\programs\python\python310\lib\site-packages (from torchvision) (9.5.0)
Requirement already satisfied: mpmath<1.4,>=1.1.0 in c:\users\locker\appdata\local\programs\python\python310\lib\site-packages (from sympy>=1.13.3->torch) (1.3.0)
Requirement already satisfied: MarkupSafe>=2.0 in c:\users\locker\appdata\local\programs\python\python310\lib\site-packages (from jinja2->torch) (2.1.2)
Installing collected packages: typing-extensions, sympy, setuptools, networkx, fsspec, torch, torchvision
  Attempting uninstall: typing-extensions
    Found existing installation: typing_extensions 4.5.0
    Uninstalling typing_extensions-4.5.0:
      Successfully uninstalled typing_extensions-4.5.0
  Attempting uninstall: sympy
    Found existing installation: sympy 1.12
    Uninstalling sympy-1.12:
      Successfully uninstalled sympy-1.12
  Attempting uninstall: setuptools
    Found existing installation: setuptools 67.8.0
    Uninstalling setuptools-67.8.0:
      Successfully uninstalled setuptools-67.8.0

Successfully installed fsspec-2026.7.0 networkx-3.4.2 setuptools-84.0.0 sympy-1.14.0 torch-2.14.0 torchvision-0.29.0 typing-extensions-4.16.0
