
A module that was compiled using NumPy 1.x cannot be run in
NumPy 2.2.6 as it may crash. To support both 1.x and 2.x
versions of NumPy, modules must be compiled with NumPy 2.0.
Some module may need to rebuild instead e.g. with 'pybind11>=2.12'.

If you are a user of the module, the easiest solution will be to
downgrade to 'numpy<2' or try to upgrade the affected module.
We expect that some modules will need time to support NumPy 2.

Traceback (most recent call last):  File "C:\Users\Locker\AppData\Local\Programs\Python\Python310\lib\runpy.py", line 196, in _run_module_as_main
    return _run_code(code, main_globals, None,
  File "C:\Users\Locker\AppData\Local\Programs\Python\Python310\lib\runpy.py", line 86, in _run_code
    exec(code, run_globals)
  File "E:\MyPrograms\playerSimu\perception\train.py", line 34, in <module>
    sys.exit(main())
  File "E:\MyPrograms\playerSimu\perception\train.py", line 26, in main
    YOLO(a.model).train(data=a.data, epochs=a.epochs, imgsz=a.imgsz,
  File "C:\Users\Locker\AppData\Local\Programs\Python\Python310\lib\site-packages\ultralytics\engine\model.py", line 872, in train
    self.trainer = (trainer or self._smart_load("trainer"))(overrides=args, _callbacks=self.callbacks)
  File "C:\Users\Locker\AppData\Local\Programs\Python\Python310\lib\site-packages\ultralytics\models\yolo\detect\train.py", line 62, in __init__
    super().__init__(cfg, overrides, _callbacks)
  File "C:\Users\Locker\AppData\Local\Programs\Python\Python310\lib\site-packages\ultralytics\engine\trainer.py", line 193, in __init__
    self.data = self.get_dataset()
  File "C:\Users\Locker\AppData\Local\Programs\Python\Python310\lib\site-packages\ultralytics\engine\trainer.py", line 827, in get_dataset
    data = check_det_dataset(self.args.data)
  File "C:\Users\Locker\AppData\Local\Programs\Python\Python310\lib\site-packages\ultralytics\data\utils.py", line 666, in check_det_dataset
    check_font("Arial.ttf" if is_ascii(data["names"]) else "Arial.Unicode.ttf")  # download fonts
  File "C:\Users\Locker\AppData\Local\Programs\Python\Python310\lib\site-packages\ultralytics\utils\__init__.py", line 563, in decorated
    return f(*args, **kwargs)
  File "C:\Users\Locker\AppData\Local\Programs\Python\Python310\lib\site-packages\ultralytics\utils\checks.py", line 435, in check_font
    from matplotlib import font_manager  # scope for faster 'import ultralytics'
  File "C:\Users\Locker\AppData\Local\Programs\Python\Python310\lib\site-packages\matplotlib\__init__.py", line 148, in <module>
    from . import _api, _version, cbook, _docstring, rcsetup
  File "C:\Users\Locker\AppData\Local\Programs\Python\Python310\lib\site-packages\matplotlib\rcsetup.py", line 27, in <module>
    from matplotlib.colors import Colormap, is_color_like
  File "C:\Users\Locker\AppData\Local\Programs\Python\Python310\lib\site-packages\matplotlib\colors.py", line 56, in <module>
    from matplotlib import _api, _cm, cbook, scale
  File "C:\Users\Locker\AppData\Local\Programs\Python\Python310\lib\site-packages\matplotlib\scale.py", line 22, in <module>
    from matplotlib.ticker import (
  File "C:\Users\Locker\AppData\Local\Programs\Python\Python310\lib\site-packages\matplotlib\ticker.py", line 138, in <module>
    from matplotlib import transforms as mtransforms
  File "C:\Users\Locker\AppData\Local\Programs\Python\Python310\lib\site-packages\matplotlib\transforms.py", line 49, in <module>
    from matplotlib._path import (
AttributeError: _ARRAY_API not found
Traceback (most recent call last):
  File "C:\Users\Locker\AppData\Local\Programs\Python\Python310\lib\site-packages\ultralytics\engine\trainer.py", line 827, in get_dataset
    data = check_det_dataset(self.args.data)
  File "C:\Users\Locker\AppData\Local\Programs\Python\Python310\lib\site-packages\ultralytics\data\utils.py", line 666, in check_det_dataset
    check_font("Arial.ttf" if is_ascii(data["names"]) else "Arial.Unicode.ttf")  # download fonts
  File "C:\Users\Locker\AppData\Local\Programs\Python\Python310\lib\site-packages\ultralytics\utils\__init__.py", line 563, in decorated
    return f(*args, **kwargs)
  File "C:\Users\Locker\AppData\Local\Programs\Python\Python310\lib\site-packages\ultralytics\utils\checks.py", line 435, in check_font
    from matplotlib import font_manager  # scope for faster 'import ultralytics'
  File "C:\Users\Locker\AppData\Local\Programs\Python\Python310\lib\site-packages\matplotlib\__init__.py", line 148, in <module>
    from . import _api, _version, cbook, _docstring, rcsetup
  File "C:\Users\Locker\AppData\Local\Programs\Python\Python310\lib\site-packages\matplotlib\rcsetup.py", line 27, in <module>
    from matplotlib.colors import Colormap, is_color_like
  File "C:\Users\Locker\AppData\Local\Programs\Python\Python310\lib\site-packages\matplotlib\colors.py", line 56, in <module>
    from matplotlib import _api, _cm, cbook, scale
  File "C:\Users\Locker\AppData\Local\Programs\Python\Python310\lib\site-packages\matplotlib\scale.py", line 22, in <module>
    from matplotlib.ticker import (
  File "C:\Users\Locker\AppData\Local\Programs\Python\Python310\lib\site-packages\matplotlib\ticker.py", line 138, in <module>
    from matplotlib import transforms as mtransforms
  File "C:\Users\Locker\AppData\Local\Programs\Python\Python310\lib\site-packages\matplotlib\transforms.py", line 49, in <module>
    from matplotlib._path import (
ImportError: numpy.core.multiarray failed to import

The above exception was the direct cause of the following exception:

Traceback (most recent call last):
  File "C:\Users\Locker\AppData\Local\Programs\Python\Python310\lib\runpy.py", line 196, in _run_module_as_main
    return _run_code(code, main_globals, None,
  File "C:\Users\Locker\AppData\Local\Programs\Python\Python310\lib\runpy.py", line 86, in _run_code
    exec(code, run_globals)
  File "E:\MyPrograms\playerSimu\perception\train.py", line 34, in <module>
    sys.exit(main())
  File "E:\MyPrograms\playerSimu\perception\train.py", line 26, in main
    YOLO(a.model).train(data=a.data, epochs=a.epochs, imgsz=a.imgsz,
  File "C:\Users\Locker\AppData\Local\Programs\Python\Python310\lib\site-packages\ultralytics\engine\model.py", line 872, in train
    self.trainer = (trainer or self._smart_load("trainer"))(overrides=args, _callbacks=self.callbacks)
  File "C:\Users\Locker\AppData\Local\Programs\Python\Python310\lib\site-packages\ultralytics\models\yolo\detect\train.py", line 62, in __init__
    super().__init__(cfg, overrides, _callbacks)
  File "C:\Users\Locker\AppData\Local\Programs\Python\Python310\lib\site-packages\ultralytics\engine\trainer.py", line 193, in __init__
    self.data = self.get_dataset()
  File "C:\Users\Locker\AppData\Local\Programs\Python\Python310\lib\site-packages\ultralytics\engine\trainer.py", line 831, in get_dataset
    raise RuntimeError(emojis(f"Dataset '{clean_url(self.args.data)}' error \u274c {e}")) from e
RuntimeError: Dataset 'datasets/yolo/data.yaml' error  numpy.core.multiarray failed to import
